﻿
   FAIL  Tests\Feature\Web\ProductWebTest
  Ô£ô it muestraÔÇª  0.48s  
  Ô£ô it crea proÔÇª 0.04s  
  Ô¿» it crea proÔÇª 0.06s  
  Ô¿» it edita yÔÇª  0.03s  
  Ô£ô it retornaÔÇª  0.03s  
  Ô£ô it descargaÔÇª 0.03s  
  ÔöÇÔöÇÔöÇÔöÇÔöÇÔöÇÔöÇÔöÇÔöÇÔöÇÔöÇÔöÇÔöÇÔöÇÔöÇÔöÇÔöÇÔöÇÔöÇÔöÇ  
   FAILED  Tests\FeaÔÇª   
  Failed asserting that two strings are equal.

The following errors occurred during the last request:

The image field must be an array.

--- Expected
+++ Actual
@@ @@
-'http://practica7yana.test/products'
+'http://practica7yana.test'

  at tests\Feature\Web\ProductWebTest.php:41
     37Ôûò         'price' => 55.00,
     38Ôûò         'description' => 'Desc',
     39Ôûò         'image' => $file,
     40Ôûò     ]);
  Ô×£  41Ôûò     $response->assertRedirect(route('products.index'));
     42Ôûò     $product = Product::where('name', 'Producto B')->first();
     43Ôûò     expect($product)->not()->toBeNull();
     44Ôûò     expect($product->image)->not()->toBeNull();
     45Ôûò     Storage::disk('public')->assertExists($product->image);

  ÔöÇÔöÇÔöÇÔöÇÔöÇÔöÇÔöÇÔöÇÔöÇÔöÇÔöÇÔöÇÔöÇÔöÇÔöÇÔöÇÔöÇÔöÇÔöÇÔöÇ  
   FAILED  Tests\FeaÔÇª   
  Failed asserting that two strings are equal.

The following errors occurred during the last request:

The image field must be an array.

--- Expected
+++ Actual
@@ @@
-'http://practica7yana.test/products'
+'http://practica7yana.test'

  at tests\Feature\Web\ProductWebTest.php:63
     59Ôûò         'price' => 20.00,
     60Ôûò         'description' => 'Y',
     61Ôûò         'image' => $file,
     62Ôûò     ]);
  Ô×£  63Ôûò     $upload->assertRedirect(route('products.index'));
     64Ôûò     $product->refresh();
     65Ôûò     expect($product->name)->toBe('Actualizado');
     66Ôûò     if ($product->image) {
     67Ôûò         Storage::disk('public')->assertExists($product->image);


  Tests:    2 failed, 4 passed (17 assertions)
  Duration: 0.94s

